Build: Protoss 8-worker safe opening (PvZ/PvT)
2026-06-28 11:20:29.241 | INFO     | sc2.protocol:_execute:120 - Client status changed to Status.launched (was None)
2026-06-28 11:20:29.241 | INFO     | sc2.controller:create_game:50 - Creating new game
2026-06-28 11:20:29.241 | INFO     | sc2.controller:create_game:51 - Map:     LockdownLE
2026-06-28 11:20:29.241 | INFO     | sc2.controller:create_game:52 - Players: Bot BuildOrderBot(Protoss), name='OpeningBot'), Computer Easy(Zerg, RandomBuild)
2026-06-28 11:20:29.242 | INFO     | sc2.protocol:_execute:120 - Client status changed to Status.init_game (was Status.launched)
2026-06-28 11:20:36.345 | INFO     | sc2.protocol:_execute:120 - Client status changed to Status.in_game (was None)
2026-06-28 11:20:36.345 | INFO     | sc2.main:_play_game:225 - Player 1 - OpeningBot
[hb] t=    0s sup=8/13 w=8 pend_probe=0 min=50 gas=0 sup_left=5 next={'time': 6.5} chrono {'target': 'Nexus'}
[build] 0:06  sup9   chrono target=Nexus  # 1st chrono on probes (~6.5s)
[hb] t=   10s sup=9/13 w=8 pend_probe=1 min=40 gas=0 sup_left=4 next={'supply': 12} build {'what': 'Pylon'}
[hb] t=   20s sup=11/13 w=10 pend_probe=1 min=25 gas=0 sup_left=2 next={'supply': 12} build {'what': 'Pylon'}
[hb] t=   30s sup=12/13 w=11 pend_probe=1 min=70 gas=0 sup_left=1 next={'supply': 12} build {'what': 'Pylon'}
[build] 0:32  sup12  build what=Pylon  # builder then scouts
[build] 0:32  sup12  scout 
[hb] t=   40s sup=13/13 w=12 pend_probe=1 min=15 gas=0 sup_left=0 next={'supply': 14} build {'what': 'Gateway'}
[hb] t=   50s sup=13/13 w=12 pend_probe=1 min=105 gas=0 sup_left=0 next={'supply': 14} build {'what': 'Gateway'}
[build] 0:58  sup14  build what=Gateway
[hb] t=   60s sup=14/21 w=13 pend_probe=1 min=25 gas=0 sup_left=7 next={'supply': 14} chrono {'target': 'Nexus'}
[build] 1:03  sup14  chrono target=Nexus  # 2nd chrono the moment Nexus hits 50 energy
[build] 1:10  sup15  build what=Assimilator
[build] 1:10  sup15  gas_workers count=1  # rally one worker into gas
[hb] t=   70s sup=15/21 w=14 pend_probe=1 min=5 gas=0 sup_left=6 next={'supply': 19} build {'what': 'Nexus'}
[hb] t=   80s sup=16/21 w=15 pend_probe=1 min=75 gas=0 sup_left=5 next={'supply': 19} build {'what': 'Nexus'}
[hb] t=   90s sup=17/21 w=16 pend_probe=1 min=155 gas=0 sup_left=4 next={'supply': 19} build {'what': 'Nexus'}
[hb] t=  100s sup=18/21 w=17 pend_probe=1 min=245 gas=4 sup_left=3 next={'supply': 19} build {'what': 'Nexus'}
[hb] t=  110s sup=19/21 w=17 pend_probe=1 min=325 gas=16 sup_left=2 next={'supply': 19} build {'what': 'Nexus'}
[build] 1:54  sup19  build what=Nexus  # natural expansion
[hb] t=  120s sup=20/21 w=19 pend_probe=1 min=30 gas=28 sup_left=1 next={'supply': 19} build {'what': 'CyberneticsCore'}
[build] 2:08  sup20  build what=CyberneticsCore
[build] 2:08  sup20  gas_workers count=2
[hb] t=  130s sup=20/21 w=19 pend_probe=1 min=30 gas=36 sup_left=1 next={'supply': 20} build {'what': 'Assimilator'}
[build] 2:17  sup21  build what=Assimilator
[hb] t=  140s sup=21/21 w=19 pend_probe=1 min=50 gas=60 sup_left=0 next={'supply': 20} build {'what': 'Pylon'}
[build] 2:23  sup21  build what=Pylon
[build] 2:23  sup21  gas_workers count=6  # 3 per geyser; 16 on minerals = fully mining
[build] 2:23  sup21  rally where=natural
[hb] t=  150s sup=21/21 w=20 pend_probe=0 min=95 gas=84 sup_left=0 next={'after': 'CyberneticsCore'} train {'what': 'Adept'}
[hb] t=  160s sup=21/21 w=19 pend_probe=0 min=250 gas=112 sup_left=0 next={'after': 'CyberneticsCore'} train {'what': 'Adept'}
[build] 2:46  sup22  train what=Adept  # out by ~2:57
[build] 2:46  sup24  chrono target=Gateway  # chrono the Adept
[build] 2:46  build complete — conceding
2026-06-28 11:20:43.902 | INFO     | sc2.client:save_replay:139 - Saved replay to /tmp/sc2_build_replays/opening_vs_zerg.SC2Replay
2026-06-28 11:20:44.658 | INFO     | sc2.protocol:_execute:120 - Client status changed to Status.launched (was Status.in_game)
[end] t=166.8s result=Result.Defeat supply=24 workers=19 idx=16/16
2026-06-28 11:20:44.659 | INFO     | sc2.main:_play_game:232 - Result for player 1 - OpeningBot: Defeat
2026-06-28 11:20:44.660 | INFO     | sc2.protocol:_execute:120 - Client status changed to Status.quit (was Status.launched)
2026-06-28 11:20:44.660 | INFO     | sc2.sc2process:_close_connection:243 - Closing connection at 45789...
2026-06-28 11:20:44.660 | INFO     | sc2.sc2process:kill_all:36 - kill_switch: Process cleanup for 1 processes
2026-06-28 11:20:44.660 | ERROR    | sc2.sc2process:_clean:269 - KILLED

Replay saved: /tmp/sc2_build_replays/opening_vs_zerg.SC2Replay
(open it in SC2 to watch the build at full speed)
