wineserver: using server-side synchronization.
002c:fixme:winediag:loader_init wine-staging 10.0 is a testing version containing experimental patches.
002c:fixme:winediag:loader_init Please mention your exact version when filing bug reports on winehq.org.
002c:err:wineboot:process_run_key Error running cmd L"C:\\windows\\system32\\winemenubuilder.exe -a -r" (126).
0048:fixme:ntoskrnl:driver_stub 0000000000249780 L"\\Registry\\Machine\\System\\CurrentControlSet\\Services\\pci" stub!
0048:fixme:ntoskrnl:driver_stub 000000000024A140 L"\\Registry\\Machine\\System\\CurrentControlSet\\Services\\hidusb" stub!
0048:fixme:ntoskrnl:driver_stub 000000000024A390 L"\\Registry\\Machine\\System\\CurrentControlSet\\Services\\Disk" stub!
0058:fixme:ntoskrnl:kernel_object_from_handle No constructor for type L"Token"
006c:fixme:ntoskrnl:driver_stub 0000000000249780 L"\\Registry\\Machine\\System\\CurrentControlSet\\Services\\pci" stub!
006c:fixme:ntoskrnl:driver_stub 000000000024A140 L"\\Registry\\Machine\\System\\CurrentControlSet\\Services\\hidusb" stub!
006c:fixme:ntoskrnl:driver_stub 000000000024A390 L"\\Registry\\Machine\\System\\CurrentControlSet\\Services\\Disk" stub!
0078:fixme:ntoskrnl:kernel_object_from_handle No constructor for type L"Token"
00c0:fixme:winebth:pdo_pnp Unhandled minor function IRP_MN_QUERY_DEVICE_TEXT.
011c:fixme:oleacc:find_class_data unhandled window class: L"#32769"
011c:fixme:uiautomation:uia_get_providers_for_hwnd Override provider callback currently unimplemented.
011c:fixme:uiautomation:default_uia_provider_callback Default ProviderType_NonClientArea provider unimplemented.
011c:fixme:oleacc:find_class_data unhandled window class: L"#32769"
011c:fixme:uiautomation:base_hwnd_fragment_get_FragmentRoot 0000000000816118, 000000000021F9A0: stub!
011c:fixme:uiautomation:base_hwnd_fragment_GetEmbeddedFragmentRoots 0000000000816118, 000000000021F9B0: stub!
00d4:fixme:ntdll:EtwEventSetInformation (deadbeef, 2, 00006FFFFA5A3E50, 43) stub
0134:fixme:ver:GetCurrentPackageId (00000000097FFF50 0000000000000000): stub
00d4:fixme:ntdll:NtQuerySystemInformation info_class SYSTEM_PERFORMANCE_INFORMATION
0058:fixme:ntoskrnl:kernel_object_from_handle No constructor for type L"Token"
00d4:fixme:hnetcfg:fw_profile_get_FirewallEnabled 000000000073A980, 000000000A8AECA8
exit=47
